DRAFT_COMPILER_SERVICE_0 {
  global:
    draft_compiler_copy_version_report;
    draft_compiler_session_create;
    draft_compiler_session_destroy;
    draft_compiler_session_open_workspace;
    draft_compiler_session_copy_workspace_path;
    draft_compiler_session_check;
    draft_compiler_session_build;
    draft_compiler_session_resolve;
    draft_compiler_session_judge;
    draft_compiler_session_expand_comment;
    draft_compiler_session_copy_comment_expansion_source;
    draft_compiler_session_copy_comment_expansion_error;
    draft_compiler_session_colorize;
    draft_compiler_session_span;
    draft_compiler_session_copy_diagnostics;
    draft_compiler_session_diagnostic_row_count;
    draft_compiler_session_diagnostic_row;
    draft_compiler_session_copy_diagnostic_row_text;
    draft_compiler_session_copy_diagnostic_source_path;
    draft_compiler_session_copy_diagnostic_source_text;
    draft_compiler_session_copy_tooling_section;
    draft_compiler_session_package_row_count;
    draft_compiler_session_package_row;
    draft_compiler_session_copy_package_row_text;
    draft_compiler_session_prepare_navigation;
    draft_compiler_session_navigation_definition;
    draft_compiler_session_navigation_usage_count;
    draft_compiler_session_navigation_usage;
    draft_compiler_session_copy_navigation_source_path;
    draft_compiler_session_copy_navigation_source_text;
    draft_compiler_session_navigation_source_editable;
    draft_compiler_session_copy_source_path;
    draft_compiler_session_source_count;
    draft_compiler_session_copy_source_name;
    draft_compiler_session_copy_source_path_at;
    draft_compiler_session_copy_artifact_path;
    draft_compiler_session_artifact_kind;
    draft_compiler_session_run_argument_count;
    draft_compiler_session_copy_run_argument;
    draft_compiler_session_run_environment_count;
    draft_compiler_session_copy_run_environment;
    draft_compiler_session_copy_run_working_directory;
    draft_compiler_session_copy_build_configuration;
    draft_compiler_session_copy_session_summary;
    draft_compiler_session_root_count;
    draft_compiler_session_selected_root;
    draft_compiler_session_copy_root_name;
    draft_compiler_session_select_root;
    draft_compiler_session_target;
    draft_compiler_session_select_target;
  local:
    *;
};
